
Memory Configuration

Name             Origin             Length             Attributes
FLASH            0x08000000         0x00010000         xr
RESULT_SRAM      0x20000000         0x00000004         xrw
SRAM             0x20000004         0x00004ffc         xrw
*default*        0x00000000         0xffffffff

Linker script and memory map


.text           0x08000000      0x68c
 *(.isr_vector)
 .isr_vector    0x08000000      0x188 ../output/env.o
                0x08000000                vectors
 *(.text)
 .text          0x08000188       0x28 ../output/main.o
                0x08000188                main
 .text          0x080001b0      0x4a0 ../output/env.o
                0x080001b0                Reset_Handler
                0x08000234                Default_Handler
                0x0800023a                NMI_Handler
                0x08000240                HardFault_Handler
                0x08000246                MemManage_Handler
                0x0800024c                BusFault_Handler
                0x08000252                UsageFault_Handler
                0x08000258                SVC_Handler
                0x0800025e                DebugMon_Handler
                0x08000264                PendSV_Handler
                0x0800026a                SysTick_Handler
                0x08000276                WWDG_IRQHandler
                0x08000282                PVD_IRQHandler
                0x0800028e                TAMP_STAMP_IRQHandler
                0x0800029a                RTC_WKUP_IRQHandler
                0x080002a6                FLASH_IRQHandler
                0x080002b2                RCC_IRQHandler
                0x080002be                EXTI0_IRQHandler
                0x080002ca                EXTI1_IRQHandler
                0x080002d6                EXTI2_IRQHandler
                0x080002e2                EXTI3_IRQHandler
                0x080002ee                EXTI4_IRQHandler
                0x080002fa                DMA1_Stream0_IRQHandler
                0x08000306                DMA1_Stream1_IRQHandler
                0x08000312                DMA1_Stream2_IRQHandler
                0x0800031e                DMA1_Stream3_IRQHandler
                0x0800032a                DMA1_Stream4_IRQHandler
                0x08000336                DMA1_Stream5_IRQHandler
                0x08000342                DMA1_Stream6_IRQHandler
                0x0800034e                ADC_IRQHandler
                0x0800035a                CAN1_TX_IRQHandler
                0x08000366                CAN1_RX0_IRQHandler
                0x08000372                CAN1_RX1_IRQHandler
                0x0800037e                CAN1_SCE_IRQHandler
                0x0800038a                EXTI9_5_IRQHandler
                0x08000396                TIM1_BRK_TIM9_IRQHandler
                0x080003a2                TIM1_UP_TIM10_IRQHandler
                0x080003ae                TIM1_TRG_COM_TIM11_IRQHandler
                0x080003ba                TIM1_CC_IRQHandler
                0x080003c6                TIM2_IRQHandler
                0x080003d2                TIM3_IRQHandler
                0x080003de                TIM4_IRQHandler
                0x080003ea                I2C1_EV_IRQHandler
                0x080003f6                I2C1_ER_IRQHandler
                0x08000402                I2C2_EV_IRQHandler
                0x0800040e                I2C2_ER_IRQHandler
                0x0800041a                SPI1_IRQHandler
                0x08000426                SPI2_IRQHandler
                0x08000432                USART1_IRQHandler
                0x0800043e                USART2_IRQHandler
                0x0800044a                USART3_IRQHandler
                0x08000456                EXTI15_10_IRQHandler
                0x08000462                RTC_Alarm_IRQHandler
                0x0800046e                OTG_FS_WKUP_IRQHandler
                0x0800047a                TIM8_BRK_TIM12_IRQHandler
                0x08000486                TIM8_UP_TIM13_IRQHandler
                0x08000492                TIM8_TRG_COM_TIM14_IRQHandler
                0x0800049e                TIM8_CC_IRQHandler
                0x080004aa                DMA1_Stream7_IRQHandler
                0x080004b6                FSMC_IRQHandler
                0x080004c2                SDIO_IRQHandler
                0x080004ce                TIM5_IRQHandler
                0x080004da                SPI3_IRQHandler
                0x080004e6                UART4_IRQHandler
                0x080004f2                UART5_IRQHandler
                0x080004fe                TIM6_DAC_IRQHandler
                0x0800050a                TIM7_IRQHandler
                0x08000516                DMA2_Stream0_IRQHandler
                0x08000522                DMA2_Stream1_IRQHandler
                0x0800052e                DMA2_Stream2_IRQHandler
                0x0800053a                DMA2_Stream3_IRQHandler
                0x08000546                DMA2_Stream4_IRQHandler
                0x08000552                ETH_IRQHandler
                0x0800055e                ETH_WKUP_IRQHandler
                0x0800056a                CAN2_TX_IRQHandler
                0x08000576                CAN2_RX0_IRQHandler
                0x08000582                CAN2_RX1_IRQHandler
                0x0800058e                CAN2_SCE_IRQHandler
                0x0800059a                OTG_FS_IRQHandler
                0x080005a6                DMA2_Stream5_IRQHandler
                0x080005b2                DMA2_Stream6_IRQHandler
                0x080005be                DMA2_Stream7_IRQHandler
                0x080005ca                USART6_IRQHandler
                0x080005d6                I2C3_EV_IRQHandler
                0x080005e2                I2C3_ER_IRQHandler
                0x080005ee                OTG_HS_EP1_OUT_IRQHandler
                0x080005fa                OTG_HS_EP1_IN_IRQHandler
                0x08000606                OTG_HS_WKUP_IRQHandler
                0x08000612                OTG_HS_IRQHandler
                0x0800061e                DCMI_IRQHandler
                0x0800062a                CRYP_IRQHandler
                0x08000636                HASH_RNG_IRQHandler
                0x08000642                FPU_IRQHandler
 .text          0x08000650       0x3c ../output/gpio.o
                0x08000650                gpio_initpin13
 *(.rodata)
                0x0800068c                . = ALIGN (0x4)
                0x0800068c                _etext = .
                0x0800068c                _la_data = LOADADDR (.data)

.glue_7         0x0800068c        0x0
 .glue_7        0x0800068c        0x0 linker stubs

.glue_7t        0x0800068c        0x0
 .glue_7t       0x0800068c        0x0 linker stubs

.vfp11_veneer   0x0800068c        0x0
 .vfp11_veneer  0x0800068c        0x0 linker stubs

.v4_bx          0x0800068c        0x0
 .v4_bx         0x0800068c        0x0 linker stubs

.iplt           0x0800068c        0x0
 .iplt          0x0800068c        0x0 ../output/main.o

.rel.dyn        0x0800068c        0x0
 .rel.iplt      0x0800068c        0x0 ../output/main.o

.data           0x20000004        0x0 load address 0x0800068c
                0x20000004                _sdata = .
 *(.data)
 .data          0x20000004        0x0 ../output/main.o
 .data          0x20000004        0x0 ../output/env.o
 .data          0x20000004        0x0 ../output/gpio.o
                0x20000004                . = ALIGN (0x4)
                0x20000004                _edata = .

.igot.plt       0x20000004        0x0 load address 0x0800068c
 .igot.plt      0x20000004        0x0 ../output/main.o

.bss            0x20000004        0x0 load address 0x0800068c
                0x20000004                _sbss = .
 *(.bss)
 .bss           0x20000004        0x0 ../output/main.o
 .bss           0x20000004        0x0 ../output/env.o
 .bss           0x20000004        0x0 ../output/gpio.o
                0x20000004                . = ALIGN (0x4)
                0x20000004                _ebss = .

.result
 *(.result)
LOAD ../output/main.o
LOAD ../output/env.o
LOAD ../output/gpio.o
OUTPUT(../output/GPIO.elf elf32-littlearm)
LOAD linker stubs

.debug_info     0x00000000      0xb19
 .debug_info    0x00000000      0x119 ../output/main.o
 .debug_info    0x00000119      0x848 ../output/env.o
 .debug_info    0x00000961      0x1b8 ../output/gpio.o

.debug_abbrev   0x00000000      0x236
 .debug_abbrev  0x00000000       0x9c ../output/main.o
 .debug_abbrev  0x0000009c      0x100 ../output/env.o
 .debug_abbrev  0x0000019c       0x9a ../output/gpio.o

.debug_aranges  0x00000000       0x60
 .debug_aranges
                0x00000000       0x20 ../output/main.o
 .debug_aranges
                0x00000020       0x20 ../output/env.o
 .debug_aranges
                0x00000040       0x20 ../output/gpio.o

.debug_line     0x00000000      0x5e3
 .debug_line    0x00000000      0x13c ../output/main.o
 .debug_line    0x0000013c      0x382 ../output/env.o
 .debug_line    0x000004be      0x125 ../output/gpio.o

.debug_str      0x00000000      0x965
 .debug_str     0x00000000      0x149 ../output/main.o
                                0x186 (size before relaxing)
 .debug_str     0x00000149      0x791 ../output/env.o
                                0x8ba (size before relaxing)
 .debug_str     0x000008da       0x8b ../output/gpio.o
                                0x1c3 (size before relaxing)

.comment        0x00000000       0x49
 .comment       0x00000000       0x49 ../output/main.o
                                 0x4a (size before relaxing)
 .comment       0x00000049       0x4a ../output/env.o
 .comment       0x00000049       0x4a ../output/gpio.o

.ARM.attributes
                0x00000000       0x2d
 .ARM.attributes
                0x00000000       0x2d ../output/main.o
 .ARM.attributes
                0x0000002d       0x2d ../output/env.o
 .ARM.attributes
                0x0000005a       0x2d ../output/gpio.o

.debug_frame    0x00000000      0xbcc
 .debug_frame   0x00000000       0x2c ../output/main.o
 .debug_frame   0x0000002c      0xb70 ../output/env.o
 .debug_frame   0x00000b9c       0x30 ../output/gpio.o
