
Memory Configuration

Name             Origin             Length             Attributes
FLASH            0x08000000         0x00010000         xr
RESULT_SRAM      0x20000000         0x00000004         xrw
SRAM             0x20000004         0x00004ffc         xrw
*default*        0x00000000         0xffffffff

Linker script and memory map


.text           0x08000000      0x664
 *(.isr_vector)
 .isr_vector    0x08000000      0x188 ../output/env.o
                0x08000000                vectors
 *(.text)
 .text          0x08000188      0x4a0 ../output/env.o
                0x08000188                Reset_Handler
                0x0800020c                Default_Handler
                0x08000212                NMI_Handler
                0x08000218                HardFault_Handler
                0x0800021e                MemManage_Handler
                0x08000224                BusFault_Handler
                0x0800022a                UsageFault_Handler
                0x08000230                SVC_Handler
                0x08000236                DebugMon_Handler
                0x0800023c                PendSV_Handler
                0x08000242                SysTick_Handler
                0x0800024e                WWDG_IRQHandler
                0x0800025a                PVD_IRQHandler
                0x08000266                TAMP_STAMP_IRQHandler
                0x08000272                RTC_WKUP_IRQHandler
                0x0800027e                FLASH_IRQHandler
                0x0800028a                RCC_IRQHandler
                0x08000296                EXTI0_IRQHandler
                0x080002a2                EXTI1_IRQHandler
                0x080002ae                EXTI2_IRQHandler
                0x080002ba                EXTI3_IRQHandler
                0x080002c6                EXTI4_IRQHandler
                0x080002d2                DMA1_Stream0_IRQHandler
                0x080002de                DMA1_Stream1_IRQHandler
                0x080002ea                DMA1_Stream2_IRQHandler
                0x080002f6                DMA1_Stream3_IRQHandler
                0x08000302                DMA1_Stream4_IRQHandler
                0x0800030e                DMA1_Stream5_IRQHandler
                0x0800031a                DMA1_Stream6_IRQHandler
                0x08000326                ADC_IRQHandler
                0x08000332                CAN1_TX_IRQHandler
                0x0800033e                CAN1_RX0_IRQHandler
                0x0800034a                CAN1_RX1_IRQHandler
                0x08000356                CAN1_SCE_IRQHandler
                0x08000362                EXTI9_5_IRQHandler
                0x0800036e                TIM1_BRK_TIM9_IRQHandler
                0x0800037a                TIM1_UP_TIM10_IRQHandler
                0x08000386                TIM1_TRG_COM_TIM11_IRQHandler
                0x08000392                TIM1_CC_IRQHandler
                0x0800039e                TIM2_IRQHandler
                0x080003aa                TIM3_IRQHandler
                0x080003b6                TIM4_IRQHandler
                0x080003c2                I2C1_EV_IRQHandler
                0x080003ce                I2C1_ER_IRQHandler
                0x080003da                I2C2_EV_IRQHandler
                0x080003e6                I2C2_ER_IRQHandler
                0x080003f2                SPI1_IRQHandler
                0x080003fe                SPI2_IRQHandler
                0x0800040a                USART1_IRQHandler
                0x08000416                USART2_IRQHandler
                0x08000422                USART3_IRQHandler
                0x0800042e                EXTI15_10_IRQHandler
                0x0800043a                RTC_Alarm_IRQHandler
                0x08000446                OTG_FS_WKUP_IRQHandler
                0x08000452                TIM8_BRK_TIM12_IRQHandler
                0x0800045e                TIM8_UP_TIM13_IRQHandler
                0x0800046a                TIM8_TRG_COM_TIM14_IRQHandler
                0x08000476                TIM8_CC_IRQHandler
                0x08000482                DMA1_Stream7_IRQHandler
                0x0800048e                FSMC_IRQHandler
                0x0800049a                SDIO_IRQHandler
                0x080004a6                TIM5_IRQHandler
                0x080004b2                SPI3_IRQHandler
                0x080004be                UART4_IRQHandler
                0x080004ca                UART5_IRQHandler
                0x080004d6                TIM6_DAC_IRQHandler
                0x080004e2                TIM7_IRQHandler
                0x080004ee                DMA2_Stream0_IRQHandler
                0x080004fa                DMA2_Stream1_IRQHandler
                0x08000506                DMA2_Stream2_IRQHandler
                0x08000512                DMA2_Stream3_IRQHandler
                0x0800051e                DMA2_Stream4_IRQHandler
                0x0800052a                ETH_IRQHandler
                0x08000536                ETH_WKUP_IRQHandler
                0x08000542                CAN2_TX_IRQHandler
                0x0800054e                CAN2_RX0_IRQHandler
                0x0800055a                CAN2_RX1_IRQHandler
                0x08000566                CAN2_SCE_IRQHandler
                0x08000572                OTG_FS_IRQHandler
                0x0800057e                DMA2_Stream5_IRQHandler
                0x0800058a                DMA2_Stream6_IRQHandler
                0x08000596                DMA2_Stream7_IRQHandler
                0x080005a2                USART6_IRQHandler
                0x080005ae                I2C3_EV_IRQHandler
                0x080005ba                I2C3_ER_IRQHandler
                0x080005c6                OTG_HS_EP1_OUT_IRQHandler
                0x080005d2                OTG_HS_EP1_IN_IRQHandler
                0x080005de                OTG_HS_WKUP_IRQHandler
                0x080005ea                OTG_HS_IRQHandler
                0x080005f6                DCMI_IRQHandler
                0x08000602                CRYP_IRQHandler
                0x0800060e                HASH_RNG_IRQHandler
                0x0800061a                FPU_IRQHandler
 .text          0x08000628       0x3c ../output/gpio.o
                0x08000628                gpio_initpin13
 *(.rodata)
                0x08000664                . = ALIGN (0x4)
                0x08000664                _etext = .
                0x08000664                _la_data = LOADADDR (.data)

.glue_7         0x08000664        0x0
 .glue_7        0x08000664        0x0 linker stubs

.glue_7t        0x08000664        0x0
 .glue_7t       0x08000664        0x0 linker stubs

.vfp11_veneer   0x08000664        0x0
 .vfp11_veneer  0x08000664        0x0 linker stubs

.v4_bx          0x08000664        0x0
 .v4_bx         0x08000664        0x0 linker stubs

.iplt           0x08000664        0x0
 .iplt          0x08000664        0x0 ../output/env.o

.rel.dyn        0x08000664        0x0
 .rel.iplt      0x08000664        0x0 ../output/env.o

.data           0x20000004        0x0 load address 0x08000664
                0x20000004                _sdata = .
 *(.data)
 .data          0x20000004        0x0 ../output/env.o
 .data          0x20000004        0x0 ../output/gpio.o
                0x20000004                . = ALIGN (0x4)
                0x20000004                _edata = .

.igot.plt       0x20000004        0x0 load address 0x08000664
 .igot.plt      0x20000004        0x0 ../output/env.o

.bss            0x20000004        0x0 load address 0x08000664
                0x20000004                _sbss = .
 *(.bss)
 .bss           0x20000004        0x0 ../output/env.o
 .bss           0x20000004        0x0 ../output/gpio.o
                0x20000004                . = ALIGN (0x4)
                0x20000004                _ebss = .

.result
 *(.result)
LOAD ../output/env.o
LOAD ../output/gpio.o
OUTPUT(../output/gpio.elf elf32-littlearm)
LOAD linker stubs

.debug_info     0x00000000      0xa00
 .debug_info    0x00000000      0x848 ../output/env.o
 .debug_info    0x00000848      0x1b8 ../output/gpio.o

.debug_abbrev   0x00000000      0x19a
 .debug_abbrev  0x00000000      0x100 ../output/env.o
 .debug_abbrev  0x00000100       0x9a ../output/gpio.o

.debug_aranges  0x00000000       0x40
 .debug_aranges
                0x00000000       0x20 ../output/env.o
 .debug_aranges
                0x00000020       0x20 ../output/gpio.o

.debug_line     0x00000000      0x4a7
 .debug_line    0x00000000      0x382 ../output/env.o
 .debug_line    0x00000382      0x125 ../output/gpio.o

.debug_str      0x00000000      0x91c
 .debug_str     0x00000000      0x87a ../output/env.o
                                0x8bf (size before relaxing)
 .debug_str     0x0000087a       0xa2 ../output/gpio.o
                                0x1c8 (size before relaxing)

.comment        0x00000000       0x49
 .comment       0x00000000       0x49 ../output/env.o
                                 0x4a (size before relaxing)
 .comment       0x00000049       0x4a ../output/gpio.o

.ARM.attributes
                0x00000000       0x2d
 .ARM.attributes
                0x00000000       0x2d ../output/env.o
 .ARM.attributes
                0x0000002d       0x2d ../output/gpio.o

.debug_frame    0x00000000      0xba0
 .debug_frame   0x00000000      0xb70 ../output/env.o
 .debug_frame   0x00000b70       0x30 ../output/gpio.o
